should return seller by id=[
  "{\"id\":\"53ac008b-9d16-4c36-afea-0e49c0c3515a\",\"name\":\"Boba Fett\",\"enrollment\":\"2018-12-06T17:58:16.000+0000\",\"level\":5,\"_links\":{\"self\":{\"href\":\"/sellers/53ac008b-9d16-4c36-afea-0e49c0c3515a\"},\"hasContacts\":{\"href\":\"/sellers/53ac008b-9d16-4c36-afea-0e49c0c3515a/contacts\"},\"hasScore\":{\"href\":\"/sellers/scores/552544458\"}}}"
]


should_create_a_new_seller=[
  "{\"id\":\"b4fe04d8-2353-4305-a753-3f0452984c68\",\"name\":\"Mandalorian\",\"enrollment\":\"2018-12-06T17:58:16.000+00:00\",\"level\":5,\"_links\":{\"self\":{\"href\":\"/sellers/b4fe04d8-2353-4305-a753-3f0452984c68\"},\"hasContacts\":{\"href\":\"/sellers/b4fe04d8-2353-4305-a753-3f0452984c68/contacts\"},\"hasScore\":{\"href\":\"/sellers/scores/5524\"}}}"
]