should_create_a_new_seller=[
  "{\"id\":\"4d48b4a9-890b-4b5d-b6cd-a4eaff0d8c11\",\"name\":\"Mandalorian\",\"enrollment\":\"2018-12-06T17:58:16.000+00:00\",\"level\":5,\"_links\":{\"self\":{\"href\":\"/sellers/4d48b4a9-890b-4b5d-b6cd-a4eaff0d8c11\"},\"hasContacts\":{\"href\":\"/sellers/4d48b4a9-890b-4b5d-b6cd-a4eaff0d8c11/contacts\"},\"hasScore\":{\"href\":\"/sellers/scores/5524\"}}}"
]


should_return_seller_by_id=[
  "{\"id\":\"53ac008b-9d16-4c36-afea-0e49c0c3515a\",\"name\":\"Boba Fett\",\"enrollment\":\"2018-12-06T17:58:16.000+00:00\",\"level\":5,\"_links\":{\"self\":{\"href\":\"/sellers/53ac008b-9d16-4c36-afea-0e49c0c3515a\"},\"hasContacts\":{\"href\":\"/sellers/53ac008b-9d16-4c36-afea-0e49c0c3515a/contacts\"},\"hasScore\":{\"href\":\"/sellers/scores/552544458\"}}}"
]